// Jest Snapshot v1, https://goo.gl/fbAQLP

exports[`Deber√≠a mostrar solo el wrapper mostrando el wrapper 1`] = `
<Fragment>
  <Slider
    autoplay={true}
    autoplaySpeed={2000}
    centerMode={true}
    centerPadding="10px"
    infinite={true}
    initialSlide={0}
    pauseOnHover={true}
    responsive={
      Array [
        Object {
          "breakpoint": 1024,
          "settings": Object {
            "infinite": true,
            "slidesToScroll": 1,
            "slidesToShow": 3,
          },
        },
        Object {
          "breakpoint": 600,
          "settings": Object {
            "initialSlide": 2,
            "slidesToScroll": 1,
            "slidesToShow": 2,
          },
        },
        Object {
          "breakpoint": 480,
          "settings": Object {
            "slidesToScroll": 1,
            "slidesToShow": 1,
          },
        },
      ]
    }
    slidesToScroll={1}
    slidesToShow={4}
    speed={2000}
  />
</Fragment>
`;
