// Jest Snapshot v1, https://goo.gl/fbAQLP

exports[`Deber√≠a mostrar solo el wrapper mostrando el wrapper 1`] = `
<div>
  <h1
    className="p-4 text-white"
  >
    Giffapi
  </h1>
</div>
`;
